[custom_lint] 2026-08-12T20:18:39.387462 /Users/alig/Desktop/projects/alig_linter/lib/src/rules/common/prefer_match_file_name.dart:59:42: Error: The getter 'name' isn't defined for the type 'CompilationUnitMember'.
[custom_lint] 2026-08-12T20:18:39.387462  - 'CompilationUnitMember' is from 'package:analyzer/src/dart/ast/ast.dart' ('/Users/alig/.pub-cache/hosted/pub.dev/analyzer-8.4.0/lib/src/dart/ast/ast.dart').
[custom_lint] 2026-08-12T20:18:39.387462 Try correcting the name to the name of an existing getter, or defining a getter or field named 'name'.
[custom_lint] 2026-08-12T20:18:39.387462       final expected = _snakeCaseOf(only.name.lexeme);
[custom_lint] 2026-08-12T20:18:39.387462                                          ^^^^
[custom_lint] 2026-08-12T20:18:39.387462 /Users/alig/Desktop/projects/alig_linter/lib/src/rules/common/prefer_match_file_name.dart:62:29: Error: The getter 'name' isn't defined for the type 'CompilationUnitMember'.
[custom_lint] 2026-08-12T20:18:39.387462  - 'CompilationUnitMember' is from 'package:analyzer/src/dart/ast/ast.dart' ('/Users/alig/.pub-cache/hosted/pub.dev/analyzer-8.4.0/lib/src/dart/ast/ast.dart').
[custom_lint] 2026-08-12T20:18:39.387462 Try correcting the name to the name of an existing getter, or defining a getter or field named 'name'.
[custom_lint] 2026-08-12T20:18:39.387462       reporter.atToken(only.name, code);
[custom_lint] 2026-08-12T20:18:39.387462                             ^^^^
[custom_lint] 2026-08-12T20:18:39.387462
[custom_lint] 2026-08-12T20:18:39.387462
Failed to start pluginsThe request analysis.setContextRoots failed with the following error:
RequestErrorCode.PLUGIN_ERROR
Bad state: Failed to start the plugins.
at:
#0      SocketCustomLintServerToClientChannel._checkInitializationFail.<anonymous closure> (package:custom_lint/src/v2/server_to_client_channel.dart:223:11)
<asynchronous suspension>
#1      Future.any.onValue (dart:async/future.dart:637:5)
<asynchronous suspension>

[custom_lint] 2026-08-12T20:18:39.404938 _PrettyRequestFailure: {"code":"PLUGIN_ERROR","message":"Bad state: Failed to start the plugins.","stackTrace":"#0      SocketCustomLintServerToClientChannel._checkInitializationFail.<anonymous closure> (package:custom_lint/src/v2/server_to_client_channel.dart:223:11)\n<asynchronous suspension>\n#1      Future.any.onValue (dart:async/future.dart:637:5)\n<asynchronous suspension>\n"}
[custom_lint] 2026-08-12T20:18:39.404938 #0      ChannelBase.sendRequest (package:custom_lint/src/server_isolate_channel.dart:82:7)
[custom_lint] 2026-08-12T20:18:39.404938 <asynchronous suspension>
[custom_lint] 2026-08-12T20:18:39.404938 #1      CustomLintRunner.initialize.<anonymous closure> (package:custom_lint/src/runner.dart:41:5)
[custom_lint] 2026-08-12T20:18:39.404938 <asynchronous suspension>
[custom_lint] 2026-08-12T20:18:39.404938 #2      _runServer.<anonymous closure> (package:custom_lint/custom_lint.dart:96:7)
[custom_lint] 2026-08-12T20:18:39.404938 <asynchronous suspension>
[custom_lint] 2026-08-12T20:18:39.404938 #3      _AsyncCompleter.complete (dart:async/future_impl.dart:96:3)
[custom_lint] 2026-08-12T20:18:39.404938 <asynchronous suspension>
[custom_lint] 2026-08-12T20:18:39.404938 #4      _runServer.<anonymous closure> (package:custom_lint/custom_lint.dart:126:19)
[custom_lint] 2026-08-12T20:18:39.404938 <asynchronous suspension>
[custom_lint] 2026-08-12T20:18:39.404938 #5      _runServer (package:custom_lint/custom_lint.dart:86:3)
[custom_lint] 2026-08-12T20:18:39.404938 <asynchronous suspension>
[custom_lint] 2026-08-12T20:18:39.404938 #6      customLint (package:custom_lint/custom_lint.dart:50:5)
[custom_lint] 2026-08-12T20:18:39.404938 <asynchronous suspension>
[custom_lint] 2026-08-12T20:18:39.404938 #7      entrypoint (file:///Users/alig/.pub-cache/hosted/pub.dev/custom_lint-0.8.1/bin/custom_lint.dart:68:3)
[custom_lint] 2026-08-12T20:18:39.404938 <asynchronous suspension>
[custom_lint] 2026-08-12T20:18:39.404938 #8      main (file:///Users/alig/.pub-cache/hosted/pub.dev/custom_lint-0.8.1/bin/custom_lint.dart:80:5)
[custom_lint] 2026-08-12T20:18:39.404938 <asynchronous suspension>
[custom_lint] 2026-08-12T20:18:39.404938
